// Jest Snapshot v1, https://goo.gl/fbAQLP

exports[`App snapshot 1`] = `
<DocumentFragment>
  <section
    class="app"
  >
    <button
      class="app__btn-ded"
      type="button"
    >
      Налоговый вычет
    </button>
  </section>
</DocumentFragment>
`;
